Traceback (most recent call last):
  File "/home/pi/netatmo/netatmo_climate.py", line 141, in <module>
    main()
    ~~~~^^
  File "/home/pi/netatmo/netatmo_climate.py", line 135, in main
    home, status = get_climate_data(access_token, HOME_ID)
                   ~~~~~~~~~~~~~~~~^^^^^^^^^^^^^^^^^^^^^^^
  File "/home/pi/netatmo/netatmo_climate.py", line 69, in get_climate_data
    r1.raise_for_status()
    ~~~~~~~~~~~~~~~~~~~^^
  File "/home/pi/netatmo/venv/lib/python3.13/site-packages/requests/models.py", line 1026, in raise_for_status
    raise HTTPError(http_error_msg, response=self)
requests.exceptions.HTTPError: 403 Client Error: Forbidden for url: https://api.netatmo.com/api/gethomedata
Traceback (most recent call last):
  File "/home/pi/netatmo/netatmo_climate.py", line 141, in <module>
    main()
    ~~~~^^
  File "/home/pi/netatmo/netatmo_climate.py", line 135, in main
    home, status = get_climate_data(access_token, HOME_ID)
                   ~~~~~~~~~~~~~~~~^^^^^^^^^^^^^^^^^^^^^^^
  File "/home/pi/netatmo/netatmo_climate.py", line 69, in get_climate_data
    r1.raise_for_status()
    ~~~~~~~~~~~~~~~~~~~^^
  File "/home/pi/netatmo/venv/lib/python3.13/site-packages/requests/models.py", line 1026, in raise_for_status
    raise HTTPError(http_error_msg, response=self)
requests.exceptions.HTTPError: 403 Client Error: Forbidden for url: https://api.netatmo.com/api/gethomedata
Traceback (most recent call last):
  File "/home/pi/netatmo/netatmo_climate.py", line 141, in <module>
    main()
    ~~~~^^
  File "/home/pi/netatmo/netatmo_climate.py", line 135, in main
    home, status = get_climate_data(access_token, HOME_ID)
                   ~~~~~~~~~~~~~~~~^^^^^^^^^^^^^^^^^^^^^^^
  File "/home/pi/netatmo/netatmo_climate.py", line 69, in get_climate_data
    r1.raise_for_status()
    ~~~~~~~~~~~~~~~~~~~^^
  File "/home/pi/netatmo/venv/lib/python3.13/site-packages/requests/models.py", line 1026, in raise_for_status
    raise HTTPError(http_error_msg, response=self)
requests.exceptions.HTTPError: 403 Client Error: Forbidden for url: https://api.netatmo.com/api/gethomedata
Traceback (most recent call last):
  File "/home/pi/netatmo/venv/lib/python3.13/site-packages/urllib3/connection.py", line 204, in _new_conn
    sock = connection.create_connection(
        (self._dns_host, self.port),
    ...<2 lines>...
        socket_options=self.socket_options,
    )
  File "/home/pi/netatmo/venv/lib/python3.13/site-packages/urllib3/util/connection.py", line 60, in create_connection
    for res in socket.getaddrinfo(host, port, family, socket.SOCK_STREAM):
               ~~~~~~~~~~~~~~~~~~^^^^^^^^^^^^^^^^^^^^^^^^^^^^^^^^^^^^^^^^
  File "/usr/lib/python3.13/socket.py", line 977, in getaddrinfo
    for res in _socket.getaddrinfo(host, port, family, type, proto, flags):
               ~~~~~~~~~~~~~~~~~~~^^^^^^^^^^^^^^^^^^^^^^^^^^^^^^^^^^^^^^^^
socket.gaierror: [Errno -3] Temporary failure in name resolution

The above exception was the direct cause of the following exception:

Traceback (most recent call last):
  File "/home/pi/netatmo/venv/lib/python3.13/site-packages/urllib3/connectionpool.py", line 787, in urlopen
    response = self._make_request(
        conn,
    ...<10 lines>...
        **response_kw,
    )
  File "/home/pi/netatmo/venv/lib/python3.13/site-packages/urllib3/connectionpool.py", line 488, in _make_request
    raise new_e
  File "/home/pi/netatmo/venv/lib/python3.13/site-packages/urllib3/connectionpool.py", line 464, in _make_request
    self._validate_conn(conn)
    ~~~~~~~~~~~~~~~~~~~^^^^^^
  File "/home/pi/netatmo/venv/lib/python3.13/site-packages/urllib3/connectionpool.py", line 1093, in _validate_conn
    conn.connect()
    ~~~~~~~~~~~~^^
  File "/home/pi/netatmo/venv/lib/python3.13/site-packages/urllib3/connection.py", line 759, in connect
    self.sock = sock = self._new_conn()
                       ~~~~~~~~~~~~~~^^
  File "/home/pi/netatmo/venv/lib/python3.13/site-packages/urllib3/connection.py", line 211, in _new_conn
    raise NameResolutionError(self.host, self, e) from e
urllib3.exceptions.NameResolutionError: HTTPSConnection(host='api.netatmo.com', port=443): Failed to resolve 'api.netatmo.com' ([Errno -3] Temporary failure in name resolution)

The above exception was the direct cause of the following exception:

Traceback (most recent call last):
  File "/home/pi/netatmo/venv/lib/python3.13/site-packages/requests/adapters.py", line 644, in send
    resp = conn.urlopen(
        method=request.method,
    ...<9 lines>...
        chunked=chunked,
    )
  File "/home/pi/netatmo/venv/lib/python3.13/site-packages/urllib3/connectionpool.py", line 841, in urlopen
    retries = retries.increment(
        method, url, error=new_e, _pool=self, _stacktrace=sys.exc_info()[2]
    )
  File "/home/pi/netatmo/venv/lib/python3.13/site-packages/urllib3/util/retry.py", line 535, in increment
    raise MaxRetryError(_pool, url, reason) from reason  # type: ignore[arg-type]
    ^^^^^^^^^^^^^^^^^^^^^^^^^^^^^^^^^^^^^^^^^^^^^^^^^^^
urllib3.exceptions.MaxRetryError: HTTPSConnectionPool(host='api.netatmo.com', port=443): Max retries exceeded with url: /oauth2/token (Caused by NameResolutionError("HTTPSConnection(host='api.netatmo.com', port=443): Failed to resolve 'api.netatmo.com' ([Errno -3] Temporary failure in name resolution)"))

During handling of the above exception, another exception occurred:

Traceback (most recent call last):
  File "/home/pi/netatmo/netatmo_climate.py", line 141, in <module>
    main()
    ~~~~^^
  File "/home/pi/netatmo/netatmo_climate.py", line 134, in main
    access_token = get_access_token()
  File "/home/pi/netatmo/netatmo_climate.py", line 57, in get_access_token
    return refresh_access_token()
  File "/home/pi/netatmo/netatmo_climate.py", line 45, in refresh_access_token
    r = requests.post(url, data=data)
  File "/home/pi/netatmo/venv/lib/python3.13/site-packages/requests/api.py", line 115, in post
    return request("post", url, data=data, json=json, **kwargs)
  File "/home/pi/netatmo/venv/lib/python3.13/site-packages/requests/api.py", line 59, in request
    return session.request(method=method, url=url, **kwargs)
           ~~~~~~~~~~~~~~~^^^^^^^^^^^^^^^^^^^^^^^^^^^^^^^^^^
  File "/home/pi/netatmo/venv/lib/python3.13/site-packages/requests/sessions.py", line 589, in request
    resp = self.send(prep, **send_kwargs)
  File "/home/pi/netatmo/venv/lib/python3.13/site-packages/requests/sessions.py", line 703, in send
    r = adapter.send(request, **kwargs)
  File "/home/pi/netatmo/venv/lib/python3.13/site-packages/requests/adapters.py", line 677, in send
    raise ConnectionError(e, request=request)
requests.exceptions.ConnectionError: HTTPSConnectionPool(host='api.netatmo.com', port=443): Max retries exceeded with url: /oauth2/token (Caused by NameResolutionError("HTTPSConnection(host='api.netatmo.com', port=443): Failed to resolve 'api.netatmo.com' ([Errno -3] Temporary failure in name resolution)"))
Traceback (most recent call last):
  File "/home/pi/netatmo/netatmo_climate.py", line 141, in <module>
    main()
    ~~~~^^
  File "/home/pi/netatmo/netatmo_climate.py", line 135, in main
    home, status = get_climate_data(access_token, HOME_ID)
                   ~~~~~~~~~~~~~~~~^^^^^^^^^^^^^^^^^^^^^^^
  File "/home/pi/netatmo/netatmo_climate.py", line 69, in get_climate_data
    r1.raise_for_status()
    ~~~~~~~~~~~~~~~~~~~^^
  File "/home/pi/netatmo/venv/lib/python3.13/site-packages/requests/models.py", line 1026, in raise_for_status
    raise HTTPError(http_error_msg, response=self)
requests.exceptions.HTTPError: 503 Server Error: Service Temporarily Unavailable for url: https://api.netatmo.com/api/homesdata
Traceback (most recent call last):
  File "/home/pi/netatmo/netatmo_climate.py", line 141, in <module>
    main()
    ~~~~^^
  File "/home/pi/netatmo/netatmo_climate.py", line 135, in main
    home, status = get_climate_data(access_token, HOME_ID)
                   ~~~~~~~~~~~~~~~~^^^^^^^^^^^^^^^^^^^^^^^
  File "/home/pi/netatmo/netatmo_climate.py", line 69, in get_climate_data
    r1.raise_for_status()
    ~~~~~~~~~~~~~~~~~~~^^
  File "/home/pi/netatmo/venv/lib/python3.13/site-packages/requests/models.py", line 1026, in raise_for_status
    raise HTTPError(http_error_msg, response=self)
requests.exceptions.HTTPError: 503 Server Error: Service Temporarily Unavailable for url: https://api.netatmo.com/api/homesdata
Traceback (most recent call last):
  File "/home/pi/netatmo/netatmo_climate.py", line 141, in <module>
    main()
    ~~~~^^
  File "/home/pi/netatmo/netatmo_climate.py", line 135, in main
    home, status = get_climate_data(access_token, HOME_ID)
                   ~~~~~~~~~~~~~~~~^^^^^^^^^^^^^^^^^^^^^^^
  File "/home/pi/netatmo/netatmo_climate.py", line 69, in get_climate_data
    r1.raise_for_status()
    ~~~~~~~~~~~~~~~~~~~^^
  File "/home/pi/netatmo/venv/lib/python3.13/site-packages/requests/models.py", line 1026, in raise_for_status
    raise HTTPError(http_error_msg, response=self)
requests.exceptions.HTTPError: 503 Server Error: Service Temporarily Unavailable for url: https://api.netatmo.com/api/homesdata
Traceback (most recent call last):
  File "/home/pi/netatmo/netatmo_climate.py", line 141, in <module>
    main()
    ~~~~^^
  File "/home/pi/netatmo/netatmo_climate.py", line 135, in main
    home, status = get_climate_data(access_token, HOME_ID)
                   ~~~~~~~~~~~~~~~~^^^^^^^^^^^^^^^^^^^^^^^
  File "/home/pi/netatmo/netatmo_climate.py", line 69, in get_climate_data
    r1.raise_for_status()
    ~~~~~~~~~~~~~~~~~~~^^
  File "/home/pi/netatmo/venv/lib/python3.13/site-packages/requests/models.py", line 1026, in raise_for_status
    raise HTTPError(http_error_msg, response=self)
requests.exceptions.HTTPError: 500 Server Error: Internal error for url: https://api.netatmo.com/api/homesdata
Traceback (most recent call last):
  File "/home/pi/netatmo/netatmo_climate.py", line 141, in <module>
    main()
    ~~~~^^
  File "/home/pi/netatmo/netatmo_climate.py", line 135, in main
    home, status = get_climate_data(access_token, HOME_ID)
                   ~~~~~~~~~~~~~~~~^^^^^^^^^^^^^^^^^^^^^^^
  File "/home/pi/netatmo/netatmo_climate.py", line 69, in get_climate_data
    r1.raise_for_status()
    ~~~~~~~~~~~~~~~~~~~^^
  File "/home/pi/netatmo/venv/lib/python3.13/site-packages/requests/models.py", line 1026, in raise_for_status
    raise HTTPError(http_error_msg, response=self)
requests.exceptions.HTTPError: 503 Server Error: Service Temporarily Unavailable for url: https://api.netatmo.com/api/homesdata
Traceback (most recent call last):
  File "/home/pi/netatmo/netatmo_climate.py", line 141, in <module>
    main()
    ~~~~^^
  File "/home/pi/netatmo/netatmo_climate.py", line 135, in main
    home, status = get_climate_data(access_token, HOME_ID)
                   ~~~~~~~~~~~~~~~~^^^^^^^^^^^^^^^^^^^^^^^
  File "/home/pi/netatmo/netatmo_climate.py", line 69, in get_climate_data
    r1.raise_for_status()
    ~~~~~~~~~~~~~~~~~~~^^
  File "/home/pi/netatmo/venv/lib/python3.13/site-packages/requests/models.py", line 1026, in raise_for_status
    raise HTTPError(http_error_msg, response=self)
requests.exceptions.HTTPError: 503 Server Error: Service Temporarily Unavailable for url: https://api.netatmo.com/api/homesdata
Traceback (most recent call last):
  File "/home/pi/netatmo/netatmo_climate.py", line 141, in <module>
    main()
    ~~~~^^
  File "/home/pi/netatmo/netatmo_climate.py", line 135, in main
    home, status = get_climate_data(access_token, HOME_ID)
                   ~~~~~~~~~~~~~~~~^^^^^^^^^^^^^^^^^^^^^^^
  File "/home/pi/netatmo/netatmo_climate.py", line 69, in get_climate_data
    r1.raise_for_status()
    ~~~~~~~~~~~~~~~~~~~^^
  File "/home/pi/netatmo/venv/lib/python3.13/site-packages/requests/models.py", line 1026, in raise_for_status
    raise HTTPError(http_error_msg, response=self)
requests.exceptions.HTTPError: 503 Server Error: Service Temporarily Unavailable for url: https://api.netatmo.com/api/homesdata
Traceback (most recent call last):
  File "/home/pi/netatmo/netatmo_climate.py", line 141, in <module>
    main()
    ~~~~^^
  File "/home/pi/netatmo/netatmo_climate.py", line 134, in main
    access_token = get_access_token()
  File "/home/pi/netatmo/netatmo_climate.py", line 57, in get_access_token
    return refresh_access_token()
  File "/home/pi/netatmo/netatmo_climate.py", line 46, in refresh_access_token
    r.raise_for_status()
    ~~~~~~~~~~~~~~~~~~^^
  File "/home/pi/netatmo/venv/lib/python3.13/site-packages/requests/models.py", line 1026, in raise_for_status
    raise HTTPError(http_error_msg, response=self)
requests.exceptions.HTTPError: 503 Server Error: Service Unavailable for url: https://api.netatmo.com/oauth2/token
Traceback (most recent call last):
  File "/home/pi/netatmo/netatmo_climate.py", line 141, in <module>
    main()
    ~~~~^^
  File "/home/pi/netatmo/netatmo_climate.py", line 134, in main
    access_token = get_access_token()
  File "/home/pi/netatmo/netatmo_climate.py", line 57, in get_access_token
    return refresh_access_token()
  File "/home/pi/netatmo/netatmo_climate.py", line 46, in refresh_access_token
    r.raise_for_status()
    ~~~~~~~~~~~~~~~~~~^^
  File "/home/pi/netatmo/venv/lib/python3.13/site-packages/requests/models.py", line 1026, in raise_for_status
    raise HTTPError(http_error_msg, response=self)
requests.exceptions.HTTPError: 503 Server Error: Service Unavailable for url: https://api.netatmo.com/oauth2/token
Traceback (most recent call last):
  File "/home/pi/netatmo/netatmo_climate.py", line 141, in <module>
    main()
    ~~~~^^
  File "/home/pi/netatmo/netatmo_climate.py", line 135, in main
    home, status = get_climate_data(access_token, HOME_ID)
                   ~~~~~~~~~~~~~~~~^^^^^^^^^^^^^^^^^^^^^^^
  File "/home/pi/netatmo/netatmo_climate.py", line 69, in get_climate_data
    r1.raise_for_status()
    ~~~~~~~~~~~~~~~~~~~^^
  File "/home/pi/netatmo/venv/lib/python3.13/site-packages/requests/models.py", line 1026, in raise_for_status
    raise HTTPError(http_error_msg, response=self)
requests.exceptions.HTTPError: 503 Server Error: Service Temporarily Unavailable for url: https://api.netatmo.com/api/homesdata
Traceback (most recent call last):
  File "/home/pi/netatmo/netatmo_climate.py", line 141, in <module>
    main()
    ~~~~^^
  File "/home/pi/netatmo/netatmo_climate.py", line 134, in main
    access_token = get_access_token()
  File "/home/pi/netatmo/netatmo_climate.py", line 57, in get_access_token
    return refresh_access_token()
  File "/home/pi/netatmo/netatmo_climate.py", line 46, in refresh_access_token
    r.raise_for_status()
    ~~~~~~~~~~~~~~~~~~^^
  File "/home/pi/netatmo/venv/lib/python3.13/site-packages/requests/models.py", line 1026, in raise_for_status
    raise HTTPError(http_error_msg, response=self)
requests.exceptions.HTTPError: 503 Server Error: Service Unavailable for url: https://api.netatmo.com/oauth2/token
Traceback (most recent call last):
  File "/home/pi/netatmo/netatmo_climate.py", line 141, in <module>
    main()
    ~~~~^^
  File "/home/pi/netatmo/netatmo_climate.py", line 135, in main
    home, status = get_climate_data(access_token, HOME_ID)
                   ~~~~~~~~~~~~~~~~^^^^^^^^^^^^^^^^^^^^^^^
  File "/home/pi/netatmo/netatmo_climate.py", line 69, in get_climate_data
    r1.raise_for_status()
    ~~~~~~~~~~~~~~~~~~~^^
  File "/home/pi/netatmo/venv/lib/python3.13/site-packages/requests/models.py", line 1026, in raise_for_status
    raise HTTPError(http_error_msg, response=self)
requests.exceptions.HTTPError: 503 Server Error: Service Temporarily Unavailable for url: https://api.netatmo.com/api/homesdata
Traceback (most recent call last):
  File "/home/pi/netatmo/netatmo_climate.py", line 141, in <module>
    main()
    ~~~~^^
  File "/home/pi/netatmo/netatmo_climate.py", line 135, in main
    home, status = get_climate_data(access_token, HOME_ID)
                   ~~~~~~~~~~~~~~~~^^^^^^^^^^^^^^^^^^^^^^^
  File "/home/pi/netatmo/netatmo_climate.py", line 69, in get_climate_data
    r1.raise_for_status()
    ~~~~~~~~~~~~~~~~~~~^^
  File "/home/pi/netatmo/venv/lib/python3.13/site-packages/requests/models.py", line 1026, in raise_for_status
    raise HTTPError(http_error_msg, response=self)
requests.exceptions.HTTPError: 503 Server Error: Service Temporarily Unavailable for url: https://api.netatmo.com/api/homesdata
Traceback (most recent call last):
  File "/home/pi/netatmo/netatmo_climate.py", line 141, in <module>
    main()
    ~~~~^^
  File "/home/pi/netatmo/netatmo_climate.py", line 135, in main
    home, status = get_climate_data(access_token, HOME_ID)
                   ~~~~~~~~~~~~~~~~^^^^^^^^^^^^^^^^^^^^^^^
  File "/home/pi/netatmo/netatmo_climate.py", line 69, in get_climate_data
    r1.raise_for_status()
    ~~~~~~~~~~~~~~~~~~~^^
  File "/home/pi/netatmo/venv/lib/python3.13/site-packages/requests/models.py", line 1026, in raise_for_status
    raise HTTPError(http_error_msg, response=self)
requests.exceptions.HTTPError: 503 Server Error: Service Temporarily Unavailable for url: https://api.netatmo.com/api/homesdata
Traceback (most recent call last):
  File "/home/pi/netatmo/netatmo_climate.py", line 141, in <module>
    main()
    ~~~~^^
  File "/home/pi/netatmo/netatmo_climate.py", line 135, in main
    home, status = get_climate_data(access_token, HOME_ID)
                   ~~~~~~~~~~~~~~~~^^^^^^^^^^^^^^^^^^^^^^^
  File "/home/pi/netatmo/netatmo_climate.py", line 69, in get_climate_data
    r1.raise_for_status()
    ~~~~~~~~~~~~~~~~~~~^^
  File "/home/pi/netatmo/venv/lib/python3.13/site-packages/requests/models.py", line 1026, in raise_for_status
    raise HTTPError(http_error_msg, response=self)
requests.exceptions.HTTPError: 503 Server Error: Service Temporarily Unavailable for url: https://api.netatmo.com/api/homesdata
Traceback (most recent call last):
  File "/home/pi/netatmo/netatmo_climate.py", line 141, in <module>
    main()
    ~~~~^^
  File "/home/pi/netatmo/netatmo_climate.py", line 134, in main
    access_token = get_access_token()
  File "/home/pi/netatmo/netatmo_climate.py", line 57, in get_access_token
    return refresh_access_token()
  File "/home/pi/netatmo/netatmo_climate.py", line 46, in refresh_access_token
    r.raise_for_status()
    ~~~~~~~~~~~~~~~~~~^^
  File "/home/pi/netatmo/venv/lib/python3.13/site-packages/requests/models.py", line 1026, in raise_for_status
    raise HTTPError(http_error_msg, response=self)
requests.exceptions.HTTPError: 503 Server Error: Service Unavailable for url: https://api.netatmo.com/oauth2/token
Traceback (most recent call last):
  File "/home/pi/netatmo/netatmo_climate.py", line 141, in <module>
    main()
    ~~~~^^
  File "/home/pi/netatmo/netatmo_climate.py", line 135, in main
    home, status = get_climate_data(access_token, HOME_ID)
                   ~~~~~~~~~~~~~~~~^^^^^^^^^^^^^^^^^^^^^^^
  File "/home/pi/netatmo/netatmo_climate.py", line 69, in get_climate_data
    r1.raise_for_status()
    ~~~~~~~~~~~~~~~~~~~^^
  File "/home/pi/netatmo/venv/lib/python3.13/site-packages/requests/models.py", line 1026, in raise_for_status
    raise HTTPError(http_error_msg, response=self)
requests.exceptions.HTTPError: 503 Server Error: Service Temporarily Unavailable for url: https://api.netatmo.com/api/homesdata
Traceback (most recent call last):
  File "/home/pi/netatmo/netatmo_climate.py", line 141, in <module>
    main()
    ~~~~^^
  File "/home/pi/netatmo/netatmo_climate.py", line 135, in main
    home, status = get_climate_data(access_token, HOME_ID)
                   ~~~~~~~~~~~~~~~~^^^^^^^^^^^^^^^^^^^^^^^
  File "/home/pi/netatmo/netatmo_climate.py", line 69, in get_climate_data
    r1.raise_for_status()
    ~~~~~~~~~~~~~~~~~~~^^
  File "/home/pi/netatmo/venv/lib/python3.13/site-packages/requests/models.py", line 1026, in raise_for_status
    raise HTTPError(http_error_msg, response=self)
requests.exceptions.HTTPError: 503 Server Error: Service Temporarily Unavailable for url: https://api.netatmo.com/api/homesdata
Traceback (most recent call last):
  File "/home/pi/netatmo/netatmo_climate.py", line 141, in <module>
    main()
    ~~~~^^
  File "/home/pi/netatmo/netatmo_climate.py", line 135, in main
    home, status = get_climate_data(access_token, HOME_ID)
                   ~~~~~~~~~~~~~~~~^^^^^^^^^^^^^^^^^^^^^^^
  File "/home/pi/netatmo/netatmo_climate.py", line 69, in get_climate_data
    r1.raise_for_status()
    ~~~~~~~~~~~~~~~~~~~^^
  File "/home/pi/netatmo/venv/lib/python3.13/site-packages/requests/models.py", line 1026, in raise_for_status
    raise HTTPError(http_error_msg, response=self)
requests.exceptions.HTTPError: 503 Server Error: Service Temporarily Unavailable for url: https://api.netatmo.com/api/homesdata
Traceback (most recent call last):
  File "/home/pi/netatmo/netatmo_climate.py", line 141, in <module>
    main()
    ~~~~^^
  File "/home/pi/netatmo/netatmo_climate.py", line 134, in main
    access_token = get_access_token()
  File "/home/pi/netatmo/netatmo_climate.py", line 57, in get_access_token
    return refresh_access_token()
  File "/home/pi/netatmo/netatmo_climate.py", line 46, in refresh_access_token
    r.raise_for_status()
    ~~~~~~~~~~~~~~~~~~^^
  File "/home/pi/netatmo/venv/lib/python3.13/site-packages/requests/models.py", line 1026, in raise_for_status
    raise HTTPError(http_error_msg, response=self)
requests.exceptions.HTTPError: 503 Server Error: Service Unavailable for url: https://api.netatmo.com/oauth2/token
Traceback (most recent call last):
  File "/home/pi/netatmo/netatmo_climate.py", line 141, in <module>
    main()
    ~~~~^^
  File "/home/pi/netatmo/netatmo_climate.py", line 135, in main
    home, status = get_climate_data(access_token, HOME_ID)
                   ~~~~~~~~~~~~~~~~^^^^^^^^^^^^^^^^^^^^^^^
  File "/home/pi/netatmo/netatmo_climate.py", line 69, in get_climate_data
    r1.raise_for_status()
    ~~~~~~~~~~~~~~~~~~~^^
  File "/home/pi/netatmo/venv/lib/python3.13/site-packages/requests/models.py", line 1026, in raise_for_status
    raise HTTPError(http_error_msg, response=self)
requests.exceptions.HTTPError: 503 Server Error: Service Temporarily Unavailable for url: https://api.netatmo.com/api/homesdata
Traceback (most recent call last):
  File "/home/pi/netatmo/netatmo_climate.py", line 141, in <module>
    main()
    ~~~~^^
  File "/home/pi/netatmo/netatmo_climate.py", line 134, in main
    access_token = get_access_token()
  File "/home/pi/netatmo/netatmo_climate.py", line 57, in get_access_token
    return refresh_access_token()
  File "/home/pi/netatmo/netatmo_climate.py", line 46, in refresh_access_token
    r.raise_for_status()
    ~~~~~~~~~~~~~~~~~~^^
  File "/home/pi/netatmo/venv/lib/python3.13/site-packages/requests/models.py", line 1026, in raise_for_status
    raise HTTPError(http_error_msg, response=self)
requests.exceptions.HTTPError: 503 Server Error: Service Unavailable for url: https://api.netatmo.com/oauth2/token
Traceback (most recent call last):
  File "/home/pi/netatmo/netatmo_climate.py", line 141, in <module>
    main()
    ~~~~^^
  File "/home/pi/netatmo/netatmo_climate.py", line 134, in main
    access_token = get_access_token()
  File "/home/pi/netatmo/netatmo_climate.py", line 57, in get_access_token
    return refresh_access_token()
  File "/home/pi/netatmo/netatmo_climate.py", line 46, in refresh_access_token
    r.raise_for_status()
    ~~~~~~~~~~~~~~~~~~^^
  File "/home/pi/netatmo/venv/lib/python3.13/site-packages/requests/models.py", line 1026, in raise_for_status
    raise HTTPError(http_error_msg, response=self)
requests.exceptions.HTTPError: 503 Server Error: Service Unavailable for url: https://api.netatmo.com/oauth2/token
Traceback (most recent call last):
  File "/home/pi/netatmo/netatmo_climate.py", line 141, in <module>
    main()
    ~~~~^^
  File "/home/pi/netatmo/netatmo_climate.py", line 135, in main
    home, status = get_climate_data(access_token, HOME_ID)
                   ~~~~~~~~~~~~~~~~^^^^^^^^^^^^^^^^^^^^^^^
  File "/home/pi/netatmo/netatmo_climate.py", line 69, in get_climate_data
    r1.raise_for_status()
    ~~~~~~~~~~~~~~~~~~~^^
  File "/home/pi/netatmo/venv/lib/python3.13/site-packages/requests/models.py", line 1026, in raise_for_status
    raise HTTPError(http_error_msg, response=self)
requests.exceptions.HTTPError: 503 Server Error: Service Temporarily Unavailable for url: https://api.netatmo.com/api/homesdata
Traceback (most recent call last):
  File "/home/pi/netatmo/netatmo_climate.py", line 141, in <module>
    main()
    ~~~~^^
  File "/home/pi/netatmo/netatmo_climate.py", line 134, in main
    access_token = get_access_token()
  File "/home/pi/netatmo/netatmo_climate.py", line 57, in get_access_token
    return refresh_access_token()
  File "/home/pi/netatmo/netatmo_climate.py", line 46, in refresh_access_token
    r.raise_for_status()
    ~~~~~~~~~~~~~~~~~~^^
  File "/home/pi/netatmo/venv/lib/python3.13/site-packages/requests/models.py", line 1026, in raise_for_status
    raise HTTPError(http_error_msg, response=self)
requests.exceptions.HTTPError: 503 Server Error: Service Unavailable for url: https://api.netatmo.com/oauth2/token
Traceback (most recent call last):
  File "/home/pi/netatmo/netatmo_climate.py", line 141, in <module>
    main()
    ~~~~^^
  File "/home/pi/netatmo/netatmo_climate.py", line 135, in main
    home, status = get_climate_data(access_token, HOME_ID)
                   ~~~~~~~~~~~~~~~~^^^^^^^^^^^^^^^^^^^^^^^
  File "/home/pi/netatmo/netatmo_climate.py", line 69, in get_climate_data
    r1.raise_for_status()
    ~~~~~~~~~~~~~~~~~~~^^
  File "/home/pi/netatmo/venv/lib/python3.13/site-packages/requests/models.py", line 1026, in raise_for_status
    raise HTTPError(http_error_msg, response=self)
requests.exceptions.HTTPError: 503 Server Error: Service Temporarily Unavailable for url: https://api.netatmo.com/api/homesdata
Traceback (most recent call last):
  File "/home/pi/netatmo/netatmo_climate.py", line 141, in <module>
    main()
    ~~~~^^
  File "/home/pi/netatmo/netatmo_climate.py", line 135, in main
    home, status = get_climate_data(access_token, HOME_ID)
                   ~~~~~~~~~~~~~~~~^^^^^^^^^^^^^^^^^^^^^^^
  File "/home/pi/netatmo/netatmo_climate.py", line 69, in get_climate_data
    r1.raise_for_status()
    ~~~~~~~~~~~~~~~~~~~^^
  File "/home/pi/netatmo/venv/lib/python3.13/site-packages/requests/models.py", line 1026, in raise_for_status
    raise HTTPError(http_error_msg, response=self)
requests.exceptions.HTTPError: 503 Server Error: Service Temporarily Unavailable for url: https://api.netatmo.com/api/homesdata
Traceback (most recent call last):
  File "/home/pi/netatmo/netatmo_climate.py", line 141, in <module>
    main()
    ~~~~^^
  File "/home/pi/netatmo/netatmo_climate.py", line 134, in main
    access_token = get_access_token()
  File "/home/pi/netatmo/netatmo_climate.py", line 57, in get_access_token
    return refresh_access_token()
  File "/home/pi/netatmo/netatmo_climate.py", line 46, in refresh_access_token
    r.raise_for_status()
    ~~~~~~~~~~~~~~~~~~^^
  File "/home/pi/netatmo/venv/lib/python3.13/site-packages/requests/models.py", line 1026, in raise_for_status
    raise HTTPError(http_error_msg, response=self)
requests.exceptions.HTTPError: 503 Server Error: Service Unavailable for url: https://api.netatmo.com/oauth2/token
Traceback (most recent call last):
  File "/home/pi/netatmo/netatmo_climate.py", line 141, in <module>
    main()
    ~~~~^^
  File "/home/pi/netatmo/netatmo_climate.py", line 134, in main
    access_token = get_access_token()
  File "/home/pi/netatmo/netatmo_climate.py", line 57, in get_access_token
    return refresh_access_token()
  File "/home/pi/netatmo/netatmo_climate.py", line 46, in refresh_access_token
    r.raise_for_status()
    ~~~~~~~~~~~~~~~~~~^^
  File "/home/pi/netatmo/venv/lib/python3.13/site-packages/requests/models.py", line 1026, in raise_for_status
    raise HTTPError(http_error_msg, response=self)
requests.exceptions.HTTPError: 503 Server Error: Service Unavailable for url: https://api.netatmo.com/oauth2/token
Traceback (most recent call last):
  File "/home/pi/netatmo/netatmo_climate.py", line 141, in <module>
    main()
    ~~~~^^
  File "/home/pi/netatmo/netatmo_climate.py", line 134, in main
    access_token = get_access_token()
  File "/home/pi/netatmo/netatmo_climate.py", line 57, in get_access_token
    return refresh_access_token()
  File "/home/pi/netatmo/netatmo_climate.py", line 46, in refresh_access_token
    r.raise_for_status()
    ~~~~~~~~~~~~~~~~~~^^
  File "/home/pi/netatmo/venv/lib/python3.13/site-packages/requests/models.py", line 1026, in raise_for_status
    raise HTTPError(http_error_msg, response=self)
requests.exceptions.HTTPError: 503 Server Error: Service Unavailable for url: https://api.netatmo.com/oauth2/token
Traceback (most recent call last):
  File "/home/pi/netatmo/netatmo_climate.py", line 141, in <module>
    main()
    ~~~~^^
  File "/home/pi/netatmo/netatmo_climate.py", line 134, in main
    access_token = get_access_token()
  File "/home/pi/netatmo/netatmo_climate.py", line 57, in get_access_token
    return refresh_access_token()
  File "/home/pi/netatmo/netatmo_climate.py", line 46, in refresh_access_token
    r.raise_for_status()
    ~~~~~~~~~~~~~~~~~~^^
  File "/home/pi/netatmo/venv/lib/python3.13/site-packages/requests/models.py", line 1026, in raise_for_status
    raise HTTPError(http_error_msg, response=self)
requests.exceptions.HTTPError: 503 Server Error: Service Unavailable for url: https://api.netatmo.com/oauth2/token
Traceback (most recent call last):
  File "/home/pi/netatmo/netatmo_climate.py", line 141, in <module>
    main()
    ~~~~^^
  File "/home/pi/netatmo/netatmo_climate.py", line 135, in main
    home, status = get_climate_data(access_token, HOME_ID)
                   ~~~~~~~~~~~~~~~~^^^^^^^^^^^^^^^^^^^^^^^
  File "/home/pi/netatmo/netatmo_climate.py", line 69, in get_climate_data
    r1.raise_for_status()
    ~~~~~~~~~~~~~~~~~~~^^
  File "/home/pi/netatmo/venv/lib/python3.13/site-packages/requests/models.py", line 1026, in raise_for_status
    raise HTTPError(http_error_msg, response=self)
requests.exceptions.HTTPError: 503 Server Error: Service Temporarily Unavailable for url: https://api.netatmo.com/api/homesdata
Traceback (most recent call last):
  File "/home/pi/netatmo/netatmo_climate.py", line 141, in <module>
    main()
    ~~~~^^
  File "/home/pi/netatmo/netatmo_climate.py", line 134, in main
    access_token = get_access_token()
  File "/home/pi/netatmo/netatmo_climate.py", line 57, in get_access_token
    return refresh_access_token()
  File "/home/pi/netatmo/netatmo_climate.py", line 46, in refresh_access_token
    r.raise_for_status()
    ~~~~~~~~~~~~~~~~~~^^
  File "/home/pi/netatmo/venv/lib/python3.13/site-packages/requests/models.py", line 1026, in raise_for_status
    raise HTTPError(http_error_msg, response=self)
requests.exceptions.HTTPError: 503 Server Error: Service Unavailable for url: https://api.netatmo.com/oauth2/token
Traceback (most recent call last):
  File "/home/pi/netatmo/netatmo_climate.py", line 141, in <module>
    main()
    ~~~~^^
  File "/home/pi/netatmo/netatmo_climate.py", line 134, in main
    access_token = get_access_token()
  File "/home/pi/netatmo/netatmo_climate.py", line 57, in get_access_token
    return refresh_access_token()
  File "/home/pi/netatmo/netatmo_climate.py", line 46, in refresh_access_token
    r.raise_for_status()
    ~~~~~~~~~~~~~~~~~~^^
  File "/home/pi/netatmo/venv/lib/python3.13/site-packages/requests/models.py", line 1026, in raise_for_status
    raise HTTPError(http_error_msg, response=self)
requests.exceptions.HTTPError: 503 Server Error: Service Unavailable for url: https://api.netatmo.com/oauth2/token
Traceback (most recent call last):
  File "/home/pi/netatmo/netatmo_climate.py", line 141, in <module>
    main()
    ~~~~^^
  File "/home/pi/netatmo/netatmo_climate.py", line 135, in main
    home, status = get_climate_data(access_token, HOME_ID)
                   ~~~~~~~~~~~~~~~~^^^^^^^^^^^^^^^^^^^^^^^
  File "/home/pi/netatmo/netatmo_climate.py", line 69, in get_climate_data
    r1.raise_for_status()
    ~~~~~~~~~~~~~~~~~~~^^
  File "/home/pi/netatmo/venv/lib/python3.13/site-packages/requests/models.py", line 1026, in raise_for_status
    raise HTTPError(http_error_msg, response=self)
requests.exceptions.HTTPError: 503 Server Error: Service Temporarily Unavailable for url: https://api.netatmo.com/api/homesdata
Traceback (most recent call last):
  File "/home/pi/netatmo/netatmo_climate.py", line 141, in <module>
    main()
    ~~~~^^
  File "/home/pi/netatmo/netatmo_climate.py", line 134, in main
    access_token = get_access_token()
  File "/home/pi/netatmo/netatmo_climate.py", line 57, in get_access_token
    return refresh_access_token()
  File "/home/pi/netatmo/netatmo_climate.py", line 46, in refresh_access_token
    r.raise_for_status()
    ~~~~~~~~~~~~~~~~~~^^
  File "/home/pi/netatmo/venv/lib/python3.13/site-packages/requests/models.py", line 1026, in raise_for_status
    raise HTTPError(http_error_msg, response=self)
requests.exceptions.HTTPError: 503 Server Error: Service Unavailable for url: https://api.netatmo.com/oauth2/token
Traceback (most recent call last):
  File "/home/pi/netatmo/netatmo_climate.py", line 141, in <module>
    main()
    ~~~~^^
  File "/home/pi/netatmo/netatmo_climate.py", line 134, in main
    access_token = get_access_token()
  File "/home/pi/netatmo/netatmo_climate.py", line 57, in get_access_token
    return refresh_access_token()
  File "/home/pi/netatmo/netatmo_climate.py", line 46, in refresh_access_token
    r.raise_for_status()
    ~~~~~~~~~~~~~~~~~~^^
  File "/home/pi/netatmo/venv/lib/python3.13/site-packages/requests/models.py", line 1026, in raise_for_status
    raise HTTPError(http_error_msg, response=self)
requests.exceptions.HTTPError: 503 Server Error: Service Unavailable for url: https://api.netatmo.com/oauth2/token
Traceback (most recent call last):
  File "/home/pi/netatmo/netatmo_climate.py", line 141, in <module>
    main()
    ~~~~^^
  File "/home/pi/netatmo/netatmo_climate.py", line 134, in main
    access_token = get_access_token()
  File "/home/pi/netatmo/netatmo_climate.py", line 57, in get_access_token
    return refresh_access_token()
  File "/home/pi/netatmo/netatmo_climate.py", line 46, in refresh_access_token
    r.raise_for_status()
    ~~~~~~~~~~~~~~~~~~^^
  File "/home/pi/netatmo/venv/lib/python3.13/site-packages/requests/models.py", line 1026, in raise_for_status
    raise HTTPError(http_error_msg, response=self)
requests.exceptions.HTTPError: 503 Server Error: Service Unavailable for url: https://api.netatmo.com/oauth2/token
Traceback (most recent call last):
  File "/home/pi/netatmo/netatmo_climate.py", line 141, in <module>
    main()
    ~~~~^^
  File "/home/pi/netatmo/netatmo_climate.py", line 134, in main
    access_token = get_access_token()
  File "/home/pi/netatmo/netatmo_climate.py", line 57, in get_access_token
    return refresh_access_token()
  File "/home/pi/netatmo/netatmo_climate.py", line 46, in refresh_access_token
    r.raise_for_status()
    ~~~~~~~~~~~~~~~~~~^^
  File "/home/pi/netatmo/venv/lib/python3.13/site-packages/requests/models.py", line 1026, in raise_for_status
    raise HTTPError(http_error_msg, response=self)
requests.exceptions.HTTPError: 503 Server Error: Service Unavailable for url: https://api.netatmo.com/oauth2/token
Traceback (most recent call last):
  File "/home/pi/netatmo/netatmo_climate.py", line 141, in <module>
    main()
    ~~~~^^
  File "/home/pi/netatmo/netatmo_climate.py", line 134, in main
    access_token = get_access_token()
  File "/home/pi/netatmo/netatmo_climate.py", line 57, in get_access_token
    return refresh_access_token()
  File "/home/pi/netatmo/netatmo_climate.py", line 46, in refresh_access_token
    r.raise_for_status()
    ~~~~~~~~~~~~~~~~~~^^
  File "/home/pi/netatmo/venv/lib/python3.13/site-packages/requests/models.py", line 1026, in raise_for_status
    raise HTTPError(http_error_msg, response=self)
requests.exceptions.HTTPError: 503 Server Error: Service Unavailable for url: https://api.netatmo.com/oauth2/token
Traceback (most recent call last):
  File "/home/pi/netatmo/netatmo_climate.py", line 141, in <module>
    main()
    ~~~~^^
  File "/home/pi/netatmo/netatmo_climate.py", line 134, in main
    access_token = get_access_token()
  File "/home/pi/netatmo/netatmo_climate.py", line 57, in get_access_token
    return refresh_access_token()
  File "/home/pi/netatmo/netatmo_climate.py", line 46, in refresh_access_token
    r.raise_for_status()
    ~~~~~~~~~~~~~~~~~~^^
  File "/home/pi/netatmo/venv/lib/python3.13/site-packages/requests/models.py", line 1026, in raise_for_status
    raise HTTPError(http_error_msg, response=self)
requests.exceptions.HTTPError: 503 Server Error: Service Unavailable for url: https://api.netatmo.com/oauth2/token
Traceback (most recent call last):
  File "/home/pi/netatmo/netatmo_climate.py", line 141, in <module>
    main()
    ~~~~^^
  File "/home/pi/netatmo/netatmo_climate.py", line 135, in main
    home, status = get_climate_data(access_token, HOME_ID)
                   ~~~~~~~~~~~~~~~~^^^^^^^^^^^^^^^^^^^^^^^
  File "/home/pi/netatmo/netatmo_climate.py", line 69, in get_climate_data
    r1.raise_for_status()
    ~~~~~~~~~~~~~~~~~~~^^
  File "/home/pi/netatmo/venv/lib/python3.13/site-packages/requests/models.py", line 1026, in raise_for_status
    raise HTTPError(http_error_msg, response=self)
requests.exceptions.HTTPError: 503 Server Error: Service Temporarily Unavailable for url: https://api.netatmo.com/api/homesdata
